// Jest Snapshot v1, https://goo.gl/fbAQLP

exports[`EmailBody Should render correctly 1`] = `
{
  "asFragment": [Function],
  "baseElement": <body>
    <div>
      <div>
        <form
          action="/scripts/email.php"
          class=""
          method="post"
        >
          <div
            class="modal-body"
          >
            <div
              class="mb-3 input-group"
            >
              <div
                class="input-group"
              >
                <span
                  class="input-group-text"
                  id="basic-addon1"
                >
                  <svg
                    aria-hidden="true"
                    class="svg-inline--fa fa-user "
                    data-icon="user"
                    data-prefix="fas"
                    focusable="false"
                    role="img"
                    viewBox="0 0 448 512"
                    xmlns="http://www.w3.org/2000/svg"
                  >
                    <path
                      d="M224 256A128 128 0 1 0 224 0a128 128 0 1 0 0 256zm-45.7 48C79.8 304 0 383.8 0 482.3C0 498.7 13.3 512 29.7 512l388.6 0c16.4 0 29.7-13.3 29.7-29.7C448 383.8 368.2 304 269.7 304l-91.4 0z"
                      fill="currentColor"
                    />
                  </svg>
                </span>
              </div>
              <input
                aria-describedby="basic-addon1"
                aria-label="Your Name"
                class="form-control"
                name="name"
                placeholder="Your Name"
                required=""
              />
            </div>
            <div
              class="mb-3 input-group"
            >
              <div
                class="input-group"
              >
                <span
                  class="input-group-text"
                  id="basic-addon1"
                >
                  <svg
                    aria-hidden="true"
                    class="svg-inline--fa fa-envelope-open-text "
                    data-icon="envelope-open-text"
                    data-prefix="fas"
                    focusable="false"
                    role="img"
                    viewBox="0 0 512 512"
                    xmlns="http://www.w3.org/2000/svg"
                  >
                    <path
                      d="M215.4 96L144 96l-36.2 0L96 96l0 8.8L96 144l0 40.4 0 89L.2 202.5c1.6-18.1 10.9-34.9 25.7-45.8L48 140.3 48 96c0-26.5 21.5-48 48-48l76.6 0 49.9-36.9C232.2 3.9 243.9 0 256 0s23.8 3.9 33.5 11L339.4 48 416 48c26.5 0 48 21.5 48 48l0 44.3 22.1 16.4c14.8 10.9 24.1 27.7 25.7 45.8L416 273.4l0-89 0-40.4 0-39.2 0-8.8-11.8 0L368 96l-71.4 0-81.3 0zM0 448L0 242.1 217.6 403.3c11.1 8.2 24.6 12.7 38.4 12.7s27.3-4.4 38.4-12.7L512 242.1 512 448s0 0 0 0c0 35.3-28.7 64-64 64L64 512c-35.3 0-64-28.7-64-64c0 0 0 0 0 0zM176 160l160 0c8.8 0 16 7.2 16 16s-7.2 16-16 16l-160 0c-8.8 0-16-7.2-16-16s7.2-16 16-16zm0 64l160 0c8.8 0 16 7.2 16 16s-7.2 16-16 16l-160 0c-8.8 0-16-7.2-16-16s7.2-16 16-16z"
                      fill="currentColor"
                    />
                  </svg>
                </span>
              </div>
              <input
                aria-describedby="basic-addon1"
                aria-label="Your Email"
                class="form-control"
                name="email"
                placeholder="Your Email"
                required=""
                type="email"
              />
            </div>
            <div
              class="input-group"
            >
              <div
                class="input-group"
              >
                <span
                  class="input-group-text"
                >
                  <svg
                    aria-hidden="true"
                    class="svg-inline--fa fa-note-sticky "
                    data-icon="note-sticky"
                    data-prefix="fas"
                    focusable="false"
                    role="img"
                    viewBox="0 0 448 512"
                    xmlns="http://www.w3.org/2000/svg"
                  >
                    <path
                      d="M64 32C28.7 32 0 60.7 0 96L0 416c0 35.3 28.7 64 64 64l224 0 0-112c0-26.5 21.5-48 48-48l112 0 0-224c0-35.3-28.7-64-64-64L64 32zM448 352l-45.3 0L336 352c-8.8 0-16 7.2-16 16l0 66.7 0 45.3 32-32 64-64 32-32z"
                      fill="currentColor"
                    />
                  </svg>
                </span>
              </div>
              <textarea
                aria-label="Your Message"
                class="form-control"
                name="message"
                placeholder="Your Message"
                required=""
              />
            </div>
            <div
              class="recaptcha"
            >
              <div />
            </div>
          </div>
          <div
            class="modal-footer"
          >
            <button
              class="modal-button btn btn-primary"
              disabled=""
              type="submit"
            >
              <svg
                aria-hidden="true"
                class="svg-inline--fa fa-share "
                data-icon="share"
                data-prefix="fas"
                focusable="false"
                role="img"
                viewBox="0 0 512 512"
                xmlns="http://www.w3.org/2000/svg"
              >
                <path
                  d="M307 34.8c-11.5 5.1-19 16.6-19 29.2l0 64-112 0C78.8 128 0 206.8 0 304C0 417.3 81.5 467.9 100.2 478.1c2.5 1.4 5.3 1.9 8.1 1.9c10.9 0 19.7-8.9 19.7-19.7c0-7.5-4.3-14.4-9.8-19.5C108.8 431.9 96 414.4 96 384c0-53 43-96 96-96l96 0 0 64c0 12.6 7.4 24.1 19 29.2s25 3 34.4-5.4l160-144c6.7-6.1 10.6-14.7 10.6-23.8s-3.8-17.7-10.6-23.8l-160-144c-9.4-8.5-22.9-10.6-34.4-5.4z"
                  fill="currentColor"
                />
              </svg>
               Send Email
            </button>
            <button
              class="modal-button btn btn-secondary"
              type="button"
            >
              <svg
                aria-hidden="true"
                class="svg-inline--fa fa-circle-xmark "
                data-icon="circle-xmark"
                data-prefix="fas"
                focusable="false"
                role="img"
                viewBox="0 0 512 512"
                xmlns="http://www.w3.org/2000/svg"
              >
                <path
                  d="M256 512A256 256 0 1 0 256 0a256 256 0 1 0 0 512zM175 175c9.4-9.4 24.6-9.4 33.9 0l47 47 47-47c9.4-9.4 24.6-9.4 33.9 0s9.4 24.6 0 33.9l-47 47 47 47c9.4 9.4 9.4 24.6 0 33.9s-24.6 9.4-33.9 0l-47-47-47 47c-9.4 9.4-24.6 9.4-33.9 0s-9.4-24.6 0-33.9l47-47-47-47c-9.4-9.4-9.4-24.6 0-33.9z"
                  fill="currentColor"
                />
              </svg>
               Close
            </button>
          </div>
        </form>
      </div>
    </div>
    <script
      src="https://www.google.com/recaptcha/api.js?onload=onloadcallback&render=explicit"
    />
  </body>,
  "container": <div>
    <div>
      <form
        action="/scripts/email.php"
        class=""
        method="post"
      >
        <div
          class="modal-body"
        >
          <div
            class="mb-3 input-group"
          >
            <div
              class="input-group"
            >
              <span
                class="input-group-text"
                id="basic-addon1"
              >
                <svg
                  aria-hidden="true"
                  class="svg-inline--fa fa-user "
                  data-icon="user"
                  data-prefix="fas"
                  focusable="false"
                  role="img"
                  viewBox="0 0 448 512"
                  xmlns="http://www.w3.org/2000/svg"
                >
                  <path
                    d="M224 256A128 128 0 1 0 224 0a128 128 0 1 0 0 256zm-45.7 48C79.8 304 0 383.8 0 482.3C0 498.7 13.3 512 29.7 512l388.6 0c16.4 0 29.7-13.3 29.7-29.7C448 383.8 368.2 304 269.7 304l-91.4 0z"
                    fill="currentColor"
                  />
                </svg>
              </span>
            </div>
            <input
              aria-describedby="basic-addon1"
              aria-label="Your Name"
              class="form-control"
              name="name"
              placeholder="Your Name"
              required=""
            />
          </div>
          <div
            class="mb-3 input-group"
          >
            <div
              class="input-group"
            >
              <span
                class="input-group-text"
                id="basic-addon1"
              >
                <svg
                  aria-hidden="true"
                  class="svg-inline--fa fa-envelope-open-text "
                  data-icon="envelope-open-text"
                  data-prefix="fas"
                  focusable="false"
                  role="img"
                  viewBox="0 0 512 512"
                  xmlns="http://www.w3.org/2000/svg"
                >
                  <path
                    d="M215.4 96L144 96l-36.2 0L96 96l0 8.8L96 144l0 40.4 0 89L.2 202.5c1.6-18.1 10.9-34.9 25.7-45.8L48 140.3 48 96c0-26.5 21.5-48 48-48l76.6 0 49.9-36.9C232.2 3.9 243.9 0 256 0s23.8 3.9 33.5 11L339.4 48 416 48c26.5 0 48 21.5 48 48l0 44.3 22.1 16.4c14.8 10.9 24.1 27.7 25.7 45.8L416 273.4l0-89 0-40.4 0-39.2 0-8.8-11.8 0L368 96l-71.4 0-81.3 0zM0 448L0 242.1 217.6 403.3c11.1 8.2 24.6 12.7 38.4 12.7s27.3-4.4 38.4-12.7L512 242.1 512 448s0 0 0 0c0 35.3-28.7 64-64 64L64 512c-35.3 0-64-28.7-64-64c0 0 0 0 0 0zM176 160l160 0c8.8 0 16 7.2 16 16s-7.2 16-16 16l-160 0c-8.8 0-16-7.2-16-16s7.2-16 16-16zm0 64l160 0c8.8 0 16 7.2 16 16s-7.2 16-16 16l-160 0c-8.8 0-16-7.2-16-16s7.2-16 16-16z"
                    fill="currentColor"
                  />
                </svg>
              </span>
            </div>
            <input
              aria-describedby="basic-addon1"
              aria-label="Your Email"
              class="form-control"
              name="email"
              placeholder="Your Email"
              required=""
              type="email"
            />
          </div>
          <div
            class="input-group"
          >
            <div
              class="input-group"
            >
              <span
                class="input-group-text"
              >
                <svg
                  aria-hidden="true"
                  class="svg-inline--fa fa-note-sticky "
                  data-icon="note-sticky"
                  data-prefix="fas"
                  focusable="false"
                  role="img"
                  viewBox="0 0 448 512"
                  xmlns="http://www.w3.org/2000/svg"
                >
                  <path
                    d="M64 32C28.7 32 0 60.7 0 96L0 416c0 35.3 28.7 64 64 64l224 0 0-112c0-26.5 21.5-48 48-48l112 0 0-224c0-35.3-28.7-64-64-64L64 32zM448 352l-45.3 0L336 352c-8.8 0-16 7.2-16 16l0 66.7 0 45.3 32-32 64-64 32-32z"
                    fill="currentColor"
                  />
                </svg>
              </span>
            </div>
            <textarea
              aria-label="Your Message"
              class="form-control"
              name="message"
              placeholder="Your Message"
              required=""
            />
          </div>
          <div
            class="recaptcha"
          >
            <div />
          </div>
        </div>
        <div
          class="modal-footer"
        >
          <button
            class="modal-button btn btn-primary"
            disabled=""
            type="submit"
          >
            <svg
              aria-hidden="true"
              class="svg-inline--fa fa-share "
              data-icon="share"
              data-prefix="fas"
              focusable="false"
              role="img"
              viewBox="0 0 512 512"
              xmlns="http://www.w3.org/2000/svg"
            >
              <path
                d="M307 34.8c-11.5 5.1-19 16.6-19 29.2l0 64-112 0C78.8 128 0 206.8 0 304C0 417.3 81.5 467.9 100.2 478.1c2.5 1.4 5.3 1.9 8.1 1.9c10.9 0 19.7-8.9 19.7-19.7c0-7.5-4.3-14.4-9.8-19.5C108.8 431.9 96 414.4 96 384c0-53 43-96 96-96l96 0 0 64c0 12.6 7.4 24.1 19 29.2s25 3 34.4-5.4l160-144c6.7-6.1 10.6-14.7 10.6-23.8s-3.8-17.7-10.6-23.8l-160-144c-9.4-8.5-22.9-10.6-34.4-5.4z"
                fill="currentColor"
              />
            </svg>
             Send Email
          </button>
          <button
            class="modal-button btn btn-secondary"
            type="button"
          >
            <svg
              aria-hidden="true"
              class="svg-inline--fa fa-circle-xmark "
              data-icon="circle-xmark"
              data-prefix="fas"
              focusable="false"
              role="img"
              viewBox="0 0 512 512"
              xmlns="http://www.w3.org/2000/svg"
            >
              <path
                d="M256 512A256 256 0 1 0 256 0a256 256 0 1 0 0 512zM175 175c9.4-9.4 24.6-9.4 33.9 0l47 47 47-47c9.4-9.4 24.6-9.4 33.9 0s9.4 24.6 0 33.9l-47 47 47 47c9.4 9.4 9.4 24.6 0 33.9s-24.6 9.4-33.9 0l-47-47-47 47c-9.4 9.4-24.6 9.4-33.9 0s-9.4-24.6 0-33.9l47-47-47-47c-9.4-9.4-9.4-24.6 0-33.9z"
                fill="currentColor"
              />
            </svg>
             Close
          </button>
        </div>
      </form>
    </div>
  </div>,
  "debug": [Function],
  "findAllByAltText": [Function],
  "findAllByDisplayValue": [Function],
  "findAllByLabelText": [Function],
  "findAllByPlaceholderText": [Function],
  "findAllByRole": [Function],
  "findAllByTestId": [Function],
  "findAllByText": [Function],
  "findAllByTitle": [Function],
  "findByAltText": [Function],
  "findByDisplayValue": [Function],
  "findByLabelText": [Function],
  "findByPlaceholderText": [Function],
  "findByRole": [Function],
  "findByTestId": [Function],
  "findByText": [Function],
  "findByTitle": [Function],
  "getAllByAltText": [Function],
  "getAllByDisplayValue": [Function],
  "getAllByLabelText": [Function],
  "getAllByPlaceholderText": [Function],
  "getAllByRole": [Function],
  "getAllByTestId": [Function],
  "getAllByText": [Function],
  "getAllByTitle": [Function],
  "getByAltText": [Function],
  "getByDisplayValue": [Function],
  "getByLabelText": [Function],
  "getByPlaceholderText": [Function],
  "getByRole": [Function],
  "getByTestId": [Function],
  "getByText": [Function],
  "getByTitle": [Function],
  "queryAllByAltText": [Function],
  "queryAllByDisplayValue": [Function],
  "queryAllByLabelText": [Function],
  "queryAllByPlaceholderText": [Function],
  "queryAllByRole": [Function],
  "queryAllByTestId": [Function],
  "queryAllByText": [Function],
  "queryAllByTitle": [Function],
  "queryByAltText": [Function],
  "queryByDisplayValue": [Function],
  "queryByLabelText": [Function],
  "queryByPlaceholderText": [Function],
  "queryByRole": [Function],
  "queryByTestId": [Function],
  "queryByText": [Function],
  "queryByTitle": [Function],
  "rerender": [Function],
  "unmount": [Function],
}
`;
